// Vitest Snapshot v1, https://vitest.dev/guide/snapshot.html

exports[`Bookmarked Page > renders Bookmarked Page should match the screenshot 1`] = `
{
  "asFragment": [Function],
  "baseElement": <body>
    <div>
      <main
        class="page-layout pb-6 md:pt-6 md:ml-32 pl-6  md:pl-0"
      >
        <div
          class="w-full flex gap-6 items-start mt-5 pr-6 "
        >
          <div
            class="w-9 h-9"
          >
            <svg
              class="w-full h-full"
              fill="currentColor"
              height="1em"
              stroke="currentColor"
              stroke-width="0"
              viewBox="0 0 512 512"
              width="1em"
              xmlns="http://www.w3.org/2000/svg"
            >
              <path
                d="M456.69 421.39 362.6 327.3a173.81 173.81 0 0 0 34.84-104.58C397.44 126.38 319.06 48 222.72 48S48 126.38 48 222.72s78.38 174.72 174.72 174.72A173.81 173.81 0 0 0 327.3 362.6l94.09 94.09a25 25 0 0 0 35.3-35.3zM97.92 222.72a124.8 124.8 0 1 1 124.8 124.8 124.95 124.95 0 0 1-124.8-124.8z"
              />
            </svg>
          </div>
          <input
            class="w-full bg-transparent py-3 -mt-2 text-xl outline-none focus:border-b-2 caret-orange"
            placeholder="Search for movies and TV series..."
            required=""
            type="text"
          />
        </div>
        <main
          class="w-full h-[600px] md:h-full flex flex-col justify-center items-center -mt-20 gap-5"
        >
          <div
            class="w-12 h-12 border-[5px] border-t-orange rounded-full border-[#ffffff90] animate-spin"
          />
          <h1
            class="font-outfitLight text-3xl"
          >
            Loading..
          </h1>
        </main>
        <section>
          <h2
            class="antialiased text-3xl font-outfitLight mt-6"
          >
            Bookmarked Movies
          </h2>
          <div
            class=""
          >
            No Bookmarked Movies...
          </div>
        </section>
        <section>
          <h2
            class="antialiased text-3xl font-outfitLight mt-6"
          >
            Bookmarked TV Shows
          </h2>
          <div
            class=""
          >
            No Bookmarked TV Shows...
          </div>
        </section>
      </main>
    </div>
  </body>,
  "container": <div>
    <main
      class="page-layout pb-6 md:pt-6 md:ml-32 pl-6  md:pl-0"
    >
      <div
        class="w-full flex gap-6 items-start mt-5 pr-6 "
      >
        <div
          class="w-9 h-9"
        >
          <svg
            class="w-full h-full"
            fill="currentColor"
            height="1em"
            stroke="currentColor"
            stroke-width="0"
            viewBox="0 0 512 512"
            width="1em"
            xmlns="http://www.w3.org/2000/svg"
          >
            <path
              d="M456.69 421.39 362.6 327.3a173.81 173.81 0 0 0 34.84-104.58C397.44 126.38 319.06 48 222.72 48S48 126.38 48 222.72s78.38 174.72 174.72 174.72A173.81 173.81 0 0 0 327.3 362.6l94.09 94.09a25 25 0 0 0 35.3-35.3zM97.92 222.72a124.8 124.8 0 1 1 124.8 124.8 124.95 124.95 0 0 1-124.8-124.8z"
            />
          </svg>
        </div>
        <input
          class="w-full bg-transparent py-3 -mt-2 text-xl outline-none focus:border-b-2 caret-orange"
          placeholder="Search for movies and TV series..."
          required=""
          type="text"
        />
      </div>
      <main
        class="w-full h-[600px] md:h-full flex flex-col justify-center items-center -mt-20 gap-5"
      >
        <div
          class="w-12 h-12 border-[5px] border-t-orange rounded-full border-[#ffffff90] animate-spin"
        />
        <h1
          class="font-outfitLight text-3xl"
        >
          Loading..
        </h1>
      </main>
      <section>
        <h2
          class="antialiased text-3xl font-outfitLight mt-6"
        >
          Bookmarked Movies
        </h2>
        <div
          class=""
        >
          No Bookmarked Movies...
        </div>
      </section>
      <section>
        <h2
          class="antialiased text-3xl font-outfitLight mt-6"
        >
          Bookmarked TV Shows
        </h2>
        <div
          class=""
        >
          No Bookmarked TV Shows...
        </div>
      </section>
    </main>
  </div>,
  "debug": [Function],
  "findAllByAltText": [Function],
  "findAllByDisplayValue": [Function],
  "findAllByLabelText": [Function],
  "findAllByPlaceholderText": [Function],
  "findAllByRole": [Function],
  "findAllByTestId": [Function],
  "findAllByText": [Function],
  "findAllByTitle": [Function],
  "findByAltText": [Function],
  "findByDisplayValue": [Function],
  "findByLabelText": [Function],
  "findByPlaceholderText": [Function],
  "findByRole": [Function],
  "findByTestId": [Function],
  "findByText": [Function],
  "findByTitle": [Function],
  "getAllByAltText": [Function],
  "getAllByDisplayValue": [Function],
  "getAllByLabelText": [Function],
  "getAllByPlaceholderText": [Function],
  "getAllByRole": [Function],
  "getAllByTestId": [Function],
  "getAllByText": [Function],
  "getAllByTitle": [Function],
  "getByAltText": [Function],
  "getByDisplayValue": [Function],
  "getByLabelText": [Function],
  "getByPlaceholderText": [Function],
  "getByRole": [Function],
  "getByTestId": [Function],
  "getByText": [Function],
  "getByTitle": [Function],
  "queryAllByAltText": [Function],
  "queryAllByDisplayValue": [Function],
  "queryAllByLabelText": [Function],
  "queryAllByPlaceholderText": [Function],
  "queryAllByRole": [Function],
  "queryAllByTestId": [Function],
  "queryAllByText": [Function],
  "queryAllByTitle": [Function],
  "queryByAltText": [Function],
  "queryByDisplayValue": [Function],
  "queryByLabelText": [Function],
  "queryByPlaceholderText": [Function],
  "queryByRole": [Function],
  "queryByTestId": [Function],
  "queryByText": [Function],
  "queryByTitle": [Function],
  "rerender": [Function],
  "unmount": [Function],
}
`;
