// Vitest Snapshot v1, https://vitest.dev/guide/snapshot.html

exports[`Details Page > renders Details Page should match the screenshot 1`] = `
{
  "asFragment": [Function],
  "baseElement": <body>
    <div>
      <main
        class="page-layout pb-6 md:ml-32 md:pl-0"
      >
        <main
          class="w-full h-full flex flex-col justify-center items-center gap-5 -mt-20"
        >
          <div
            class="w-12 h-12 border-[5px] border-t-orange rounded-full border-[#ffffff90] animate-spin"
          />
          <h1
            class="antialiased text-3xl font-outfitLight mt-8"
          >
            Loading..
          </h1>
        </main>
        <div
          class=""
        />
        <section
          class="pl-6 md:pl-0"
        >
          <h2
            class="antialiased text-3xl font-outfitLight mt-6"
          >
            Recommendations
          </h2>
          <ul
            class="w-full grid grid-cols-1 sm:grid-cols-2  md:grid-cols-3 xl:grid-cols-4 2xl:grid-cols-5 gap-6 mt-6 pr-6"
          />
        </section>
      </main>
    </div>
  </body>,
  "container": <div>
    <main
      class="page-layout pb-6 md:ml-32 md:pl-0"
    >
      <main
        class="w-full h-full flex flex-col justify-center items-center gap-5 -mt-20"
      >
        <div
          class="w-12 h-12 border-[5px] border-t-orange rounded-full border-[#ffffff90] animate-spin"
        />
        <h1
          class="antialiased text-3xl font-outfitLight mt-8"
        >
          Loading..
        </h1>
      </main>
      <div
        class=""
      />
      <section
        class="pl-6 md:pl-0"
      >
        <h2
          class="antialiased text-3xl font-outfitLight mt-6"
        >
          Recommendations
        </h2>
        <ul
          class="w-full grid grid-cols-1 sm:grid-cols-2  md:grid-cols-3 xl:grid-cols-4 2xl:grid-cols-5 gap-6 mt-6 pr-6"
        />
      </section>
    </main>
  </div>,
  "debug": [Function],
  "findAllByAltText": [Function],
  "findAllByDisplayValue": [Function],
  "findAllByLabelText": [Function],
  "findAllByPlaceholderText": [Function],
  "findAllByRole": [Function],
  "findAllByTestId": [Function],
  "findAllByText": [Function],
  "findAllByTitle": [Function],
  "findByAltText": [Function],
  "findByDisplayValue": [Function],
  "findByLabelText": [Function],
  "findByPlaceholderText": [Function],
  "findByRole": [Function],
  "findByTestId": [Function],
  "findByText": [Function],
  "findByTitle": [Function],
  "getAllByAltText": [Function],
  "getAllByDisplayValue": [Function],
  "getAllByLabelText": [Function],
  "getAllByPlaceholderText": [Function],
  "getAllByRole": [Function],
  "getAllByTestId": [Function],
  "getAllByText": [Function],
  "getAllByTitle": [Function],
  "getByAltText": [Function],
  "getByDisplayValue": [Function],
  "getByLabelText": [Function],
  "getByPlaceholderText": [Function],
  "getByRole": [Function],
  "getByTestId": [Function],
  "getByText": [Function],
  "getByTitle": [Function],
  "queryAllByAltText": [Function],
  "queryAllByDisplayValue": [Function],
  "queryAllByLabelText": [Function],
  "queryAllByPlaceholderText": [Function],
  "queryAllByRole": [Function],
  "queryAllByTestId": [Function],
  "queryAllByText": [Function],
  "queryAllByTitle": [Function],
  "queryByAltText": [Function],
  "queryByDisplayValue": [Function],
  "queryByLabelText": [Function],
  "queryByPlaceholderText": [Function],
  "queryByRole": [Function],
  "queryByTestId": [Function],
  "queryByText": [Function],
  "queryByTitle": [Function],
  "rerender": [Function],
  "unmount": [Function],
}
`;
